16:12:19 **** Build of project test_adc_bsp ****
make -k all 
Running Make include in ps7_cortexa9_0/libsrc/ddrps_v1_0/src
make -C ps7_cortexa9_0/libsrc/ddrps_v1_0/src -s include  "SHELL=/bin/sh" "COMPILER=arm-none-eabi-gcc" "ARCHIVER=arm-none-eabi-ar" "COMPILER_FLAGS=  -O2 -c" "EXTRA_COMPILER_FLAGS=-mcpu=cortex-a9 -mfpu=vfpv3 -mfloat-abi=hard -nostartfiles -g -Wall -Wextra"
Running Make include in ps7_cortexa9_0/libsrc/dmaps_v2_4/src
make -C ps7_cortexa9_0/libsrc/dmaps_v2_4/src -s include  "SHELL=/bin/sh" "COMPILER=arm-none-eabi-gcc" "ARCHIVER=arm-none-eabi-ar" "COMPILER_FLAGS=  -O2 -c" "EXTRA_COMPILER_FLAGS=-mcpu=cortex-a9 -mfpu=vfpv3 -mfloat-abi=hard -nostartfiles -g -Wall -Wextra"
Running Make include in ps7_cortexa9_0/libsrc/cpu_cortexa9_v2_7/src
make -C ps7_cortexa9_0/libsrc/cpu_cortexa9_v2_7/src -s include  "SHELL=/bin/sh" "COMPILER=arm-none-eabi-gcc" "ARCHIVER=arm-none-eabi-ar" "COMPILER_FLAGS=  -O2 -c" "EXTRA_COMPILER_FLAGS=-mcpu=cortex-a9 -mfpu=vfpv3 -mfloat-abi=hard -nostartfiles -g -Wall -Wextra"
Running Make include in ps7_cortexa9_0/libsrc/scugic_v4_0/src
make -C ps7_cortexa9_0/libsrc/scugic_v4_0/src -s include  "SHELL=/bin/sh" "COMPILER=arm-none-eabi-gcc" "ARCHIVER=arm-none-eabi-ar" "COMPILER_FLAGS=  -O2 -c" "EXTRA_COMPILER_FLAGS=-mcpu=cortex-a9 -mfpu=vfpv3 -mfloat-abi=hard -nostartfiles -g -Wall -Wextra"
Running Make include in ps7_cortexa9_0/libsrc/emacps_v3_9/src
make -C ps7_cortexa9_0/libsrc/emacps_v3_9/src -s include  "SHELL=/bin/sh" "COMPILER=arm-none-eabi-gcc" "ARCHIVER=arm-none-eabi-ar" "COMPILER_FLAGS=  -O2 -c" "EXTRA_COMPILER_FLAGS=-mcpu=cortex-a9 -mfpu=vfpv3 -mfloat-abi=hard -nostartfiles -g -Wall -Wextra"
Running Make include in ps7_cortexa9_0/libsrc/gpiops_v3_5/src
make -C ps7_cortexa9_0/libsrc/gpiops_v3_5/src -s include  "SHELL=/bin/sh" "COMPILER=arm-none-eabi-gcc" "ARCHIVER=arm-none-eabi-ar" "COMPILER_FLAGS=  -O2 -c" "EXTRA_COMPILER_FLAGS=-mcpu=cortex-a9 -mfpu=vfpv3 -mfloat-abi=hard -nostartfiles -g -Wall -Wextra"
Running Make include in ps7_cortexa9_0/libsrc/standalone_v7_0/src
make -C ps7_cortexa9_0/libsrc/standalone_v7_0/src -s include  "SHELL=/bin/sh" "COMPILER=arm-none-eabi-gcc" "ARCHIVER=arm-none-eabi-ar" "COMPILER_FLAGS=  -O2 -c" "EXTRA_COMPILER_FLAGS=-mcpu=cortex-a9 -mfpu=vfpv3 -mfloat-abi=hard -nostartfiles -g -Wall -Wextra"
Running Make include in ps7_cortexa9_0/libsrc/qspips_v3_6/src
make -C ps7_cortexa9_0/libsrc/qspips_v3_6/src -s include  "SHELL=/bin/sh" "COMPILER=arm-none-eabi-gcc" "ARCHIVER=arm-none-eabi-ar" "COMPILER_FLAGS=  -O2 -c" "EXTRA_COMPILER_FLAGS=-mcpu=cortex-a9 -mfpu=vfpv3 -mfloat-abi=hard -nostartfiles -g -Wall -Wextra"
Running Make include in ps7_cortexa9_0/libsrc/xadcps_v2_3/src
make -C ps7_cortexa9_0/libsrc/xadcps_v2_3/src -s include  "SHELL=/bin/sh" "COMPILER=arm-none-eabi-gcc" "ARCHIVER=arm-none-eabi-ar" "COMPILER_FLAGS=  -O2 -c" "EXTRA_COMPILER_FLAGS=-mcpu=cortex-a9 -mfpu=vfpv3 -mfloat-abi=hard -nostartfiles -g -Wall -Wextra"
Running Make include in ps7_cortexa9_0/libsrc/sdps_v3_7/src
make -C ps7_cortexa9_0/libsrc/sdps_v3_7/src -s include  "SHELL=/bin/sh" "COMPILER=arm-none-eabi-gcc" "ARCHIVER=arm-none-eabi-ar" "COMPILER_FLAGS=  -O2 -c" "EXTRA_COMPILER_FLAGS=-mcpu=cortex-a9 -mfpu=vfpv3 -mfloat-abi=hard -nostartfiles -g -Wall -Wextra"
Running Make include in ps7_cortexa9_0/libsrc/devcfg_v3_5/src
make -C ps7_cortexa9_0/libsrc/devcfg_v3_5/src -s include  "SHELL=/bin/sh" "COMPILER=arm-none-eabi-gcc" "ARCHIVER=arm-none-eabi-ar" "COMPILER_FLAGS=  -O2 -c" "EXTRA_COMPILER_FLAGS=-mcpu=cortex-a9 -mfpu=vfpv3 -mfloat-abi=hard -nostartfiles -g -Wall -Wextra"
Running Make include in ps7_cortexa9_0/libsrc/scuwdt_v2_1/src
make -C ps7_cortexa9_0/libsrc/scuwdt_v2_1/src -s include  "SHELL=/bin/sh" "COMPILER=arm-none-eabi-gcc" "ARCHIVER=arm-none-eabi-ar" "COMPILER_FLAGS=  -O2 -c" "EXTRA_COMPILER_FLAGS=-mcpu=cortex-a9 -mfpu=vfpv3 -mfloat-abi=hard -nostartfiles -g -Wall -Wextra"
Running Make include in ps7_cortexa9_0/libsrc/uartps_v3_7/src
make -C ps7_cortexa9_0/libsrc/uartps_v3_7/src -s include  "SHELL=/bin/sh" "COMPILER=arm-none-eabi-gcc" "ARCHIVER=arm-none-eabi-ar" "COMPILER_FLAGS=  -O2 -c" "EXTRA_COMPILER_FLAGS=-mcpu=cortex-a9 -mfpu=vfpv3 -mfloat-abi=hard -nostartfiles -g -Wall -Wextra"
Running Make include in ps7_cortexa9_0/libsrc/sysmon_v7_5/src
make -C ps7_cortexa9_0/libsrc/sysmon_v7_5/src -s include  "SHELL=/bin/sh" "COMPILER=arm-none-eabi-gcc" "ARCHIVER=arm-none-eabi-ar" "COMPILER_FLAGS=  -O2 -c" "EXTRA_COMPILER_FLAGS=-mcpu=cortex-a9 -mfpu=vfpv3 -mfloat-abi=hard -nostartfiles -g -Wall -Wextra"
Running Make include in ps7_cortexa9_0/libsrc/usbps_v2_4/src
make -C ps7_cortexa9_0/libsrc/usbps_v2_4/src -s include  "SHELL=/bin/sh" "COMPILER=arm-none-eabi-gcc" "ARCHIVER=arm-none-eabi-ar" "COMPILER_FLAGS=  -O2 -c" "EXTRA_COMPILER_FLAGS=-mcpu=cortex-a9 -mfpu=vfpv3 -mfloat-abi=hard -nostartfiles -g -Wall -Wextra"
Running Make include in ps7_cortexa9_0/libsrc/scutimer_v2_1/src
make -C ps7_cortexa9_0/libsrc/scutimer_v2_1/src -s include  "SHELL=/bin/sh" "COMPILER=arm-none-eabi-gcc" "ARCHIVER=arm-none-eabi-ar" "COMPILER_FLAGS=  -O2 -c" "EXTRA_COMPILER_FLAGS=-mcpu=cortex-a9 -mfpu=vfpv3 -mfloat-abi=hard -nostartfiles -g -Wall -Wextra"
Running Make include in ps7_cortexa9_0/libsrc/coresightps_dcc_v1_5/src
make -C ps7_cortexa9_0/libsrc/coresightps_dcc_v1_5/src -s include  "SHELL=/bin/sh" "COMPILER=arm-none-eabi-gcc" "ARCHIVER=arm-none-eabi-ar" "COMPILER_FLAGS=  -O2 -c" "EXTRA_COMPILER_FLAGS=-mcpu=cortex-a9 -mfpu=vfpv3 -mfloat-abi=hard -nostartfiles -g -Wall -Wextra"
Running Make libs in ps7_cortexa9_0/libsrc/ddrps_v1_0/src
make -C ps7_cortexa9_0/libsrc/ddrps_v1_0/src -s libs  "SHELL=/bin/sh" "COMPILER=arm-none-eabi-gcc" "ARCHIVER=arm-none-eabi-ar" "COMPILER_FLAGS=  -O2 -c" "EXTRA_COMPILER_FLAGS=-mcpu=cortex-a9 -mfpu=vfpv3 -mfloat-abi=hard -nostartfiles -g -Wall -Wextra"
Compiling ddrps
arm-none-eabi-ar: creating ../../../lib/libxil.a
Running Make libs in ps7_cortexa9_0/libsrc/dmaps_v2_4/src
make -C ps7_cortexa9_0/libsrc/dmaps_v2_4/src -s libs  "SHELL=/bin/sh" "COMPILER=arm-none-eabi-gcc" "ARCHIVER=arm-none-eabi-ar" "COMPILER_FLAGS=  -O2 -c" "EXTRA_COMPILER_FLAGS=-mcpu=cortex-a9 -mfpu=vfpv3 -mfloat-abi=hard -nostartfiles -g -Wall -Wextra"
Compiling dmaps
Running Make libs in ps7_cortexa9_0/libsrc/cpu_cortexa9_v2_7/src
make -C ps7_cortexa9_0/libsrc/cpu_cortexa9_v2_7/src -s libs  "SHELL=/bin/sh" "COMPILER=arm-none-eabi-gcc" "ARCHIVER=arm-none-eabi-ar" "COMPILER_FLAGS=  -O2 -c" "EXTRA_COMPILER_FLAGS=-mcpu=cortex-a9 -mfpu=vfpv3 -mfloat-abi=hard -nostartfiles -g -Wall -Wextra"
Compiling cpu_cortexa9
Running Make libs in ps7_cortexa9_0/libsrc/scugic_v4_0/src
make -C ps7_cortexa9_0/libsrc/scugic_v4_0/src -s libs  "SHELL=/bin/sh" "COMPILER=arm-none-eabi-gcc" "ARCHIVER=arm-none-eabi-ar" "COMPILER_FLAGS=  -O2 -c" "EXTRA_COMPILER_FLAGS=-mcpu=cortex-a9 -mfpu=vfpv3 -mfloat-abi=hard -nostartfiles -g -Wall -Wextra"
Compiling scugic
Running Make libs in ps7_cortexa9_0/libsrc/emacps_v3_9/src
make -C ps7_cortexa9_0/libsrc/emacps_v3_9/src -s libs  "SHELL=/bin/sh" "COMPILER=arm-none-eabi-gcc" "ARCHIVER=arm-none-eabi-ar" "COMPILER_FLAGS=  -O2 -c" "EXTRA_COMPILER_FLAGS=-mcpu=cortex-a9 -mfpu=vfpv3 -mfloat-abi=hard -nostartfiles -g -Wall -Wextra"
Compiling emacps
Running Make libs in ps7_cortexa9_0/libsrc/gpiops_v3_5/src
make -C ps7_cortexa9_0/libsrc/gpiops_v3_5/src -s libs  "SHELL=/bin/sh" "COMPILER=arm-none-eabi-gcc" "ARCHIVER=arm-none-eabi-ar" "COMPILER_FLAGS=  -O2 -c" "EXTRA_COMPILER_FLAGS=-mcpu=cortex-a9 -mfpu=vfpv3 -mfloat-abi=hard -nostartfiles -g -Wall -Wextra"
Compiling gpiops
Running Make libs in ps7_cortexa9_0/libsrc/standalone_v7_0/src
make -C ps7_cortexa9_0/libsrc/standalone_v7_0/src -s libs  "SHELL=/bin/sh" "COMPILER=arm-none-eabi-gcc" "ARCHIVER=arm-none-eabi-ar" "COMPILER_FLAGS=  -O2 -c" "EXTRA_COMPILER_FLAGS=-mcpu=cortex-a9 -mfpu=vfpv3 -mfloat-abi=hard -nostartfiles -g -Wall -Wextra"
Compiling standalone
In file included from xtime_l.c:49:
xtime_l.h:87:9: note: #pragma message: For the sleep routines, Global timer is being used
 #pragma message ("For the sleep routines, Global timer is being used")
         ^~~~~~~
In file included from sleep.c:53:
xtime_l.h:87:9: note: #pragma message: For the sleep routines, Global timer is being used
 #pragma message ("For the sleep routines, Global timer is being used")
         ^~~~~~~
In file included from xil_sleeptimer.c:51:
xtime_l.h:87:9: note: #pragma message: For the sleep routines, Global timer is being used
 #pragma message ("For the sleep routines, Global timer is being used")
         ^~~~~~~
In file included from usleep.c:56:
xtime_l.h:87:9: note: #pragma message: For the sleep routines, Global timer is being used
 #pragma message ("For the sleep routines, Global timer is being used")
         ^~~~~~~
Running Make libs in ps7_cortexa9_0/libsrc/qspips_v3_6/src
make -C ps7_cortexa9_0/libsrc/qspips_v3_6/src -s libs  "SHELL=/bin/sh" "COMPILER=arm-none-eabi-gcc" "ARCHIVER=arm-none-eabi-ar" "COMPILER_FLAGS=  -O2 -c" "EXTRA_COMPILER_FLAGS=-mcpu=cortex-a9 -mfpu=vfpv3 -mfloat-abi=hard -nostartfiles -g -Wall -Wextra"
Compiling qspips
Running Make libs in ps7_cortexa9_0/libsrc/xadcps_v2_3/src
make -C ps7_cortexa9_0/libsrc/xadcps_v2_3/src -s libs  "SHELL=/bin/sh" "COMPILER=arm-none-eabi-gcc" "ARCHIVER=arm-none-eabi-ar" "COMPILER_FLAGS=  -O2 -c" "EXTRA_COMPILER_FLAGS=-mcpu=cortex-a9 -mfpu=vfpv3 -mfloat-abi=hard -nostartfiles -g -Wall -Wextra"
Compiling xadcps
Running Make libs in ps7_cortexa9_0/libsrc/sdps_v3_7/src
make -C ps7_cortexa9_0/libsrc/sdps_v3_7/src -s libs  "SHELL=/bin/sh" "COMPILER=arm-none-eabi-gcc" "ARCHIVER=arm-none-eabi-ar" "COMPILER_FLAGS=  -O2 -c" "EXTRA_COMPILER_FLAGS=-mcpu=cortex-a9 -mfpu=vfpv3 -mfloat-abi=hard -nostartfiles -g -Wall -Wextra"
Compiling sdps
Running Make libs in ps7_cortexa9_0/libsrc/devcfg_v3_5/src
make -C ps7_cortexa9_0/libsrc/devcfg_v3_5/src -s libs  "SHELL=/bin/sh" "COMPILER=arm-none-eabi-gcc" "ARCHIVER=arm-none-eabi-ar" "COMPILER_FLAGS=  -O2 -c" "EXTRA_COMPILER_FLAGS=-mcpu=cortex-a9 -mfpu=vfpv3 -mfloat-abi=hard -nostartfiles -g -Wall -Wextra"
Compiling devcfg
Running Make libs in ps7_cortexa9_0/libsrc/scuwdt_v2_1/src
make -C ps7_cortexa9_0/libsrc/scuwdt_v2_1/src -s libs  "SHELL=/bin/sh" "COMPILER=arm-none-eabi-gcc" "ARCHIVER=arm-none-eabi-ar" "COMPILER_FLAGS=  -O2 -c" "EXTRA_COMPILER_FLAGS=-mcpu=cortex-a9 -mfpu=vfpv3 -mfloat-abi=hard -nostartfiles -g -Wall -Wextra"
Compiling scuwdt
Running Make libs in ps7_cortexa9_0/libsrc/uartps_v3_7/src
make -C ps7_cortexa9_0/libsrc/uartps_v3_7/src -s libs  "SHELL=/bin/sh" "COMPILER=arm-none-eabi-gcc" "ARCHIVER=arm-none-eabi-ar" "COMPILER_FLAGS=  -O2 -c" "EXTRA_COMPILER_FLAGS=-mcpu=cortex-a9 -mfpu=vfpv3 -mfloat-abi=hard -nostartfiles -g -Wall -Wextra"
Compiling uartps
Running Make libs in ps7_cortexa9_0/libsrc/sysmon_v7_5/src
make -C ps7_cortexa9_0/libsrc/sysmon_v7_5/src -s libs  "SHELL=/bin/sh" "COMPILER=arm-none-eabi-gcc" "ARCHIVER=arm-none-eabi-ar" "COMPILER_FLAGS=  -O2 -c" "EXTRA_COMPILER_FLAGS=-mcpu=cortex-a9 -mfpu=vfpv3 -mfloat-abi=hard -nostartfiles -g -Wall -Wextra"
Compiling sysmon
Running Make libs in ps7_cortexa9_0/libsrc/usbps_v2_4/src
make -C ps7_cortexa9_0/libsrc/usbps_v2_4/src -s libs  "SHELL=/bin/sh" "COMPILER=arm-none-eabi-gcc" "ARCHIVER=arm-none-eabi-ar" "COMPILER_FLAGS=  -O2 -c" "EXTRA_COMPILER_FLAGS=-mcpu=cortex-a9 -mfpu=vfpv3 -mfloat-abi=hard -nostartfiles -g -Wall -Wextra"
Compiling usbps
Running Make libs in ps7_cortexa9_0/libsrc/scutimer_v2_1/src
make -C ps7_cortexa9_0/libsrc/scutimer_v2_1/src -s libs  "SHELL=/bin/sh" "COMPILER=arm-none-eabi-gcc" "ARCHIVER=arm-none-eabi-ar" "COMPILER_FLAGS=  -O2 -c" "EXTRA_COMPILER_FLAGS=-mcpu=cortex-a9 -mfpu=vfpv3 -mfloat-abi=hard -nostartfiles -g -Wall -Wextra"
Compiling scutimer
Running Make libs in ps7_cortexa9_0/libsrc/coresightps_dcc_v1_5/src
make -C ps7_cortexa9_0/libsrc/coresightps_dcc_v1_5/src -s libs  "SHELL=/bin/sh" "COMPILER=arm-none-eabi-gcc" "ARCHIVER=arm-none-eabi-ar" "COMPILER_FLAGS=  -O2 -c" "EXTRA_COMPILER_FLAGS=-mcpu=cortex-a9 -mfpu=vfpv3 -mfloat-abi=hard -nostartfiles -g -Wall -Wextra"
Compiling coresightps_dcc
Finished building libraries
16:12:29 **** Build of configuration Debug for project test_adc ****
make pre-build main-build 
a9-linaro-pre-build-step
 
Building file: ../src/helloworld.c
Invoking: ARM v7 gcc compiler
arm-none-eabi-gcc -Wall -O0 -g3 -c -fmessage-length=0 -MT"src/helloworld.o" -mcpu=cortex-a9 -mfpu=vfpv3 -mfloat-abi=hard -I../../test_adc_bsp/ps7_cortexa9_0/include -MMD -MP -MF"src/helloworld.d" -MT"src/helloworld.o" -o "src/helloworld.o" "../src/helloworld.c"
Finished building: ../src/helloworld.c
 
Building file: ../src/platform.c
Invoking: ARM v7 gcc compiler
arm-none-eabi-gcc -Wall -O0 -g3 -c -fmessage-length=0 -MT"src/platform.o" -mcpu=cortex-a9 -mfpu=vfpv3 -mfloat-abi=hard -I../../test_adc_bsp/ps7_cortexa9_0/include -MMD -MP -MF"src/platform.d" -MT"src/platform.o" -o "src/platform.o" "../src/platform.c"
Finished building: ../src/platform.c
 
Building target: test_adc.elf
Invoking: ARM v7 gcc linker
arm-none-eabi-gcc -mcpu=cortex-a9 -mfpu=vfpv3 -mfloat-abi=hard -Wl,-build-id=none -specs=Xilinx.spec -Wl,-T -Wl,../src/lscript.ld -L../../test_adc_bsp/ps7_cortexa9_0/lib -o "test_adc.elf"  ./src/helloworld.o ./src/platform.o   -Wl,--start-group,-lxil,-lgcc,-lc,--end-group
Finished building target: test_adc.elf
 
Invoking: ARM v7 Print Size
arm-none-eabi-size test_adc.elf  |tee "test_adc.elf.size"
   text	   data	    bss	    dec	    hex	filename
  19060	   1144	  22568	  42772	   a714	test_adc.elf
Finished building: test_adc.elf.size
 
16:30:08 **** Incremental Build of configuration Debug for project test_adc ****
make pre-build main-build 
a9-linaro-pre-build-step
 
make: Nothing to be done for 'main-build'.
16:36:20 **** Incremental Build of configuration Debug for project test_adc ****
make pre-build main-build 
a9-linaro-pre-build-step
 
make: Nothing to be done for 'main-build'.
16:37:32 **** Auto Build of configuration Debug for project test_adc ****
make pre-build main-build 
a9-linaro-pre-build-step
 
Building file: ../src/helloworld.c
Invoking: ARM v7 gcc compiler
arm-none-eabi-gcc -Wall -O0 -g3 -c -fmessage-length=0 -MT"src/helloworld.o" -mcpu=cortex-a9 -mfpu=vfpv3 -mfloat-abi=hard -I../../test_adc_bsp/ps7_cortexa9_0/include -MMD -MP -MF"src/helloworld.d" -MT"src/helloworld.o" -o "src/helloworld.o" "../src/helloworld.c"
../src/helloworld.c:1:79: error: expected identifier or '(' before '/' token
 ******************************************************************************/
                                                                               ^
In file included from /home/rasmus/apps/Xilinx/SDK/2019.1/gnu/aarch32/lin/gcc-arm-none-eabi/arm-none-eabi/libc/usr/include/stdint.h:14,
                 from /home/rasmus/apps/Xilinx/SDK/2019.1/gnu/aarch32/lin/gcc-arm-none-eabi/lib/gcc/arm-none-eabi/8.2.0/include/stdint.h:9,
                 from ../../test_adc_bsp/ps7_cortexa9_0/include/xil_types.h:60,
                 from ../../test_adc_bsp/ps7_cortexa9_0/include/xadcps.h:192,
                 from ../src/helloworld.c:31:
/home/rasmus/apps/Xilinx/SDK/2019.1/gnu/aarch32/lin/gcc-arm-none-eabi/arm-none-eabi/libc/usr/include/sys/_stdint.h:20:9: error: unknown type name '__int8_t'
 typedef __int8_t int8_t ;
         ^~~~~~~~
src/subdir.mk:24: recipe for target 'src/helloworld.o' failed
make: *** [src/helloworld.o] Error 1
16:38:10 **** Auto Build of configuration Debug for project test_adc ****
make pre-build main-build 
a9-linaro-pre-build-step
 
Building file: ../src/helloworld.c
Invoking: ARM v7 gcc compiler
arm-none-eabi-gcc -Wall -O0 -g3 -c -fmessage-length=0 -MT"src/helloworld.o" -mcpu=cortex-a9 -mfpu=vfpv3 -mfloat-abi=hard -I../../test_adc_bsp/ps7_cortexa9_0/include -MMD -MP -MF"src/helloworld.d" -MT"src/helloworld.o" -o "src/helloworld.o" "../src/helloworld.c"
Finished building: ../src/helloworld.c
 
Building target: test_adc.elf
Invoking: ARM v7 gcc linker
arm-none-eabi-gcc -mcpu=cortex-a9 -mfpu=vfpv3 -mfloat-abi=hard -Wl,-build-id=none -specs=Xilinx.spec -Wl,-T -Wl,../src/lscript.ld -L../../test_adc_bsp/ps7_cortexa9_0/lib -o "test_adc.elf"  ./src/helloworld.o ./src/platform.o   -Wl,--start-group,-lxil,-lgcc,-lc,--end-group
Finished building target: test_adc.elf
 
Invoking: ARM v7 Print Size
arm-none-eabi-size test_adc.elf  |tee "test_adc.elf.size"
   text	   data	    bss	    dec	    hex	filename
  37584	   1552	  23288	  62424	   f3d8	test_adc.elf
Finished building: test_adc.elf.size
 
16:38:17 **** Incremental Build of configuration Debug for project test_adc ****
make pre-build main-build 
a9-linaro-pre-build-step
 
make: Nothing to be done for 'main-build'.
16:39:13 **** Incremental Build of configuration Debug for project test_adc ****
make pre-build main-build 
a9-linaro-pre-build-step
 
make: Nothing to be done for 'main-build'.
16:43:54 **** Incremental Build of configuration Debug for project test_adc ****
make pre-build main-build 
a9-linaro-pre-build-step
 
make: Nothing to be done for 'main-build'.
16:44:48 **** Incremental Build of configuration Debug for project test_adc ****
make pre-build main-build 
a9-linaro-pre-build-step
 
make: Nothing to be done for 'main-build'.
17:24:59 **** Incremental Build of configuration Debug for project test_adc ****
make pre-build main-build 
a9-linaro-pre-build-step
 
make: Nothing to be done for 'main-build'.
17:26:12 **** Auto Build of configuration Debug for project test_adc ****
make pre-build main-build 
a9-linaro-pre-build-step
 
Building file: ../src/helloworld.c
Invoking: ARM v7 gcc compiler
arm-none-eabi-gcc -Wall -O0 -g3 -c -fmessage-length=0 -MT"src/helloworld.o" -mcpu=cortex-a9 -mfpu=vfpv3 -mfloat-abi=hard -I../../test_adc_bsp/ps7_cortexa9_0/include -MMD -MP -MF"src/helloworld.d" -MT"src/helloworld.o" -o "src/helloworld.o" "../src/helloworld.c"
Finished building: ../src/helloworld.c
 
Building target: test_adc.elf
Invoking: ARM v7 gcc linker
arm-none-eabi-gcc -mcpu=cortex-a9 -mfpu=vfpv3 -mfloat-abi=hard -Wl,-build-id=none -specs=Xilinx.spec -Wl,-T -Wl,../src/lscript.ld -L../../test_adc_bsp/ps7_cortexa9_0/lib -o "test_adc.elf"  ./src/helloworld.o ./src/platform.o   -Wl,--start-group,-lxil,-lgcc,-lc,--end-group
Finished building target: test_adc.elf
 
Invoking: ARM v7 Print Size
arm-none-eabi-size test_adc.elf  |tee "test_adc.elf.size"
   text	   data	    bss	    dec	    hex	filename
  37584	   1552	  23288	  62424	   f3d8	test_adc.elf
Finished building: test_adc.elf.size
 
17:26:44 **** Incremental Build of configuration Debug for project test_adc ****
make pre-build main-build 
a9-linaro-pre-build-step
 
make: Nothing to be done for 'main-build'.
09:48:59 **** Incremental Build of configuration Debug for project test_adc ****
make pre-build main-build 
a9-linaro-pre-build-step
 
make: Nothing to be done for 'main-build'.
11:27:49 **** Incremental Build of configuration Debug for project test_adc ****
make pre-build main-build 
a9-linaro-pre-build-step
 
make: Nothing to be done for 'main-build'.
11:30:46 **** Incremental Build of configuration Debug for project test_adc ****
make pre-build main-build 
a9-linaro-pre-build-step
 
make: Nothing to be done for 'main-build'.
16:04:53 **** Incremental Build of configuration Debug for project test_adc ****
make pre-build main-build 
a9-linaro-pre-build-step
 
Building file: ../src/helloworld.c
Invoking: ARM v7 gcc compiler
arm-none-eabi-gcc -Wall -O0 -g3 -c -fmessage-length=0 -MT"src/helloworld.o" -mcpu=cortex-a9 -mfpu=vfpv3 -mfloat-abi=hard -I../../test_adc_bsp/ps7_cortexa9_0/include -MMD -MP -MF"src/helloworld.d" -MT"src/helloworld.o" -o "src/helloworld.o" "../src/helloworld.c"
Finished building: ../src/helloworld.c
 
Building target: test_adc.elf
Invoking: ARM v7 gcc linker
arm-none-eabi-gcc -mcpu=cortex-a9 -mfpu=vfpv3 -mfloat-abi=hard -Wl,-build-id=none -specs=Xilinx.spec -Wl,-T -Wl,../src/lscript.ld -L../../test_adc_bsp/ps7_cortexa9_0/lib -o "test_adc.elf"  ./src/helloworld.o ./src/platform.o   -Wl,--start-group,-lxil,-lgcc,-lc,--end-group
Finished building target: test_adc.elf
 
Invoking: ARM v7 Print Size
arm-none-eabi-size test_adc.elf  |tee "test_adc.elf.size"
   text	   data	    bss	    dec	    hex	filename
  37816	   1552	  23288	  62656	   f4c0	test_adc.elf
Finished building: test_adc.elf.size
 
16:05:41 **** Incremental Build of configuration Debug for project test_adc ****
make pre-build main-build 
a9-linaro-pre-build-step
 
make: Nothing to be done for 'main-build'.
16:06:16 **** Incremental Build of configuration Debug for project test_adc ****
make pre-build main-build 
a9-linaro-pre-build-step
 
make: Nothing to be done for 'main-build'.
16:07:00 **** Auto Build of configuration Debug for project test_adc ****
make pre-build main-build 
a9-linaro-pre-build-step
 
Building file: ../src/helloworld.c
Invoking: ARM v7 gcc compiler
arm-none-eabi-gcc -Wall -O0 -g3 -c -fmessage-length=0 -MT"src/helloworld.o" -mcpu=cortex-a9 -mfpu=vfpv3 -mfloat-abi=hard -I../../test_adc_bsp/ps7_cortexa9_0/include -MMD -MP -MF"src/helloworld.d" -MT"src/helloworld.o" -o "src/helloworld.o" "../src/helloworld.c"
Finished building: ../src/helloworld.c
 
Building target: test_adc.elf
Invoking: ARM v7 gcc linker
arm-none-eabi-gcc -mcpu=cortex-a9 -mfpu=vfpv3 -mfloat-abi=hard -Wl,-build-id=none -specs=Xilinx.spec -Wl,-T -Wl,../src/lscript.ld -L../../test_adc_bsp/ps7_cortexa9_0/lib -o "test_adc.elf"  ./src/helloworld.o ./src/platform.o   -Wl,--start-group,-lxil,-lgcc,-lc,--end-group
Finished building target: test_adc.elf
 
Invoking: ARM v7 Print Size
arm-none-eabi-size test_adc.elf  |tee "test_adc.elf.size"
   text	   data	    bss	    dec	    hex	filename
  37816	   1552	  23288	  62656	   f4c0	test_adc.elf
Finished building: test_adc.elf.size
 
16:07:26 **** Incremental Build of configuration Debug for project test_adc ****
make pre-build main-build 
a9-linaro-pre-build-step
 
Building file: ../src/helloworld.c
Invoking: ARM v7 gcc compiler
arm-none-eabi-gcc -Wall -O0 -g3 -c -fmessage-length=0 -MT"src/helloworld.o" -mcpu=cortex-a9 -mfpu=vfpv3 -mfloat-abi=hard -I../../test_adc_bsp/ps7_cortexa9_0/include -MMD -MP -MF"src/helloworld.d" -MT"src/helloworld.o" -o "src/helloworld.o" "../src/helloworld.c"
Finished building: ../src/helloworld.c
 
Building target: test_adc.elf
Invoking: ARM v7 gcc linker
arm-none-eabi-gcc -mcpu=cortex-a9 -mfpu=vfpv3 -mfloat-abi=hard -Wl,-build-id=none -specs=Xilinx.spec -Wl,-T -Wl,../src/lscript.ld -L../../test_adc_bsp/ps7_cortexa9_0/lib -o "test_adc.elf"  ./src/helloworld.o ./src/platform.o   -Wl,--start-group,-lxil,-lgcc,-lc,--end-group
Finished building target: test_adc.elf
 
Invoking: ARM v7 Print Size
arm-none-eabi-size test_adc.elf  |tee "test_adc.elf.size"
   text	   data	    bss	    dec	    hex	filename
  37816	   1552	  23288	  62656	   f4c0	test_adc.elf
Finished building: test_adc.elf.size
 
16:07:59 **** Auto Build of configuration Debug for project test_adc ****
make pre-build main-build 
a9-linaro-pre-build-step
 
Building file: ../src/helloworld.c
Invoking: ARM v7 gcc compiler
arm-none-eabi-gcc -Wall -O0 -g3 -c -fmessage-length=0 -MT"src/helloworld.o" -mcpu=cortex-a9 -mfpu=vfpv3 -mfloat-abi=hard -I../../test_adc_bsp/ps7_cortexa9_0/include -MMD -MP -MF"src/helloworld.d" -MT"src/helloworld.o" -o "src/helloworld.o" "../src/helloworld.c"
Finished building: ../src/helloworld.c
 
Building target: test_adc.elf
Invoking: ARM v7 gcc linker
arm-none-eabi-gcc -mcpu=cortex-a9 -mfpu=vfpv3 -mfloat-abi=hard -Wl,-build-id=none -specs=Xilinx.spec -Wl,-T -Wl,../src/lscript.ld -L../../test_adc_bsp/ps7_cortexa9_0/lib -o "test_adc.elf"  ./src/helloworld.o ./src/platform.o   -Wl,--start-group,-lxil,-lgcc,-lc,--end-group
Finished building target: test_adc.elf
 
Invoking: ARM v7 Print Size
arm-none-eabi-size test_adc.elf  |tee "test_adc.elf.size"
   text	   data	    bss	    dec	    hex	filename
  37804	   1552	  23288	  62644	   f4b4	test_adc.elf
Finished building: test_adc.elf.size
 
