16:07:59 **** Auto Build of configuration Debug for project test_adc ****
make pre-build main-build 
a9-linaro-pre-build-step
 
Building file: ../src/helloworld.c
Invoking: ARM v7 gcc compiler
arm-none-eabi-gcc -Wall -O0 -g3 -c -fmessage-length=0 -MT"src/helloworld.o" -mcpu=cortex-a9 -mfpu=vfpv3 -mfloat-abi=hard -I../../test_adc_bsp/ps7_cortexa9_0/include -MMD -MP -MF"src/helloworld.d" -MT"src/helloworld.o" -o "src/helloworld.o" "../src/helloworld.c"
Finished building: ../src/helloworld.c
 
Building target: test_adc.elf
Invoking: ARM v7 gcc linker
arm-none-eabi-gcc -mcpu=cortex-a9 -mfpu=vfpv3 -mfloat-abi=hard -Wl,-build-id=none -specs=Xilinx.spec -Wl,-T -Wl,../src/lscript.ld -L../../test_adc_bsp/ps7_cortexa9_0/lib -o "test_adc.elf"  ./src/helloworld.o ./src/platform.o   -Wl,--start-group,-lxil,-lgcc,-lc,--end-group
Finished building target: test_adc.elf
 
Invoking: ARM v7 Print Size
arm-none-eabi-size test_adc.elf  |tee "test_adc.elf.size"
   text	   data	    bss	    dec	    hex	filename
  37804	   1552	  23288	  62644	   f4b4	test_adc.elf
Finished building: test_adc.elf.size
 

16:07:59 Build Finished (took 361ms)

