15:28:14 **** Auto Build of configuration Debug for project Ex1 ****
make pre-build main-build 
a9-linaro-pre-build-step
' '
'Building file: ../src/BRAM_PS_PL.c'
'Invoking: ARM v7 gcc compiler'
arm-none-eabi-gcc -Wall -O0 -g3 -c -fmessage-length=0 -MT"src/BRAM_PS_PL.o" -mcpu=cortex-a9 -mfpu=vfpv3 -mfloat-abi=hard -I../../Ex1_bsp/ps7_cortexa9_0/include -MMD -MP -MF"src/BRAM_PS_PL.d" -MT"src/BRAM_PS_PL.o" -o "src/BRAM_PS_PL.o" "../src/BRAM_PS_PL.c"
../src/BRAM_PS_PL.c: In function 'main':
../src/BRAM_PS_PL.c:30:4: warning: implicit declaration of function 'usleep'; did you mean 'fseek'? [-Wimplicit-function-declaration]
    usleep(1000);
    ^~~~~~
    fseek
'Finished building: ../src/BRAM_PS_PL.c'
' '
'Building target: Ex1.elf'
'Invoking: ARM v7 gcc linker'
arm-none-eabi-gcc -mcpu=cortex-a9 -mfpu=vfpv3 -mfloat-abi=hard -Wl,-build-id=none -specs=Xilinx.spec -Wl,-T -Wl,../src/lscript.ld -L../../Ex1_bsp/ps7_cortexa9_0/lib -o "Ex1.elf"  ./src/BRAM_PS_PL.o ./src/platform.o   -Wl,--start-group,-lxil,-lgcc,-lc,--end-group
'Finished building target: Ex1.elf'
' '
'Invoking: ARM v7 Print Size'
arm-none-eabi-size Ex1.elf  |tee "Ex1.elf.size"
   text	   data	    bss	    dec	    hex	filename
  86572	   2656	  23408	 112636	  1b7fc	Ex1.elf
'Finished building: Ex1.elf.size'
' '

15:28:16 Build Finished (took 1s.857ms)

